Archive member included because of file (symbol)

D:/Textra/lib/gcc/avr/3.4.5/avr5\libgcc.a(_copy_data.o)
                              Bidirectional-Counter.o (__do_copy_data)
D:/Textra/lib/gcc/avr/3.4.5/avr5\libgcc.a(_clear_bss.o)
                              Bidirectional-Counter.o (__do_clear_bss)
D:/Textra/bin/../lib/gcc/avr/3.4.5/../../../../avr/lib/avr5\libc.a(itoa.o)
                              Bidirectional-Counter.o (itoa)
D:/Textra/bin/../lib/gcc/avr/3.4.5/../../../../avr/lib/avr5\libc.a(strrev.o)
                              D:/Textra/bin/../lib/gcc/avr/3.4.5/../../../../avr/lib/avr5\libc.a(itoa.o) (strrev)
D:/Textra/lib/gcc/avr/3.4.5/avr5\libgcc.a(_udivmodhi4.o)
                              D:/Textra/bin/../lib/gcc/avr/3.4.5/../../../../avr/lib/avr5\libc.a(itoa.o) (__udivmodhi4)

Memory Configuration

Name             Origin             Length             Attributes
text             0x00000000         0x00020000         xr
data             0x00800060         0x0000ffa0         rw !x
eeprom           0x00810000         0x00010000         rw !x
*default*        0x00000000         0xffffffff

Linker script and memory map

LOAD D:/Textra/bin/../lib/gcc/avr/3.4.5/../../../../avr/lib/avr5/crtm16.o
LOAD Bidirectional-Counter.o
LOAD D:/Textra/lib/gcc/avr/3.4.5/avr5\libgcc.a
LOAD D:/Textra/bin/../lib/gcc/avr/3.4.5/../../../../avr/lib/avr5\libc.a
LOAD D:/Textra/lib/gcc/avr/3.4.5/avr5\libgcc.a

.hash
 *(.hash)

.dynsym
 *(.dynsym)

.dynstr
 *(.dynstr)

.gnu.version
 *(.gnu.version)

.gnu.version_d
 *(.gnu.version_d)

.gnu.version_r
 *(.gnu.version_r)

.rel.init
 *(.rel.init)

.rela.init
 *(.rela.init)

.rel.text
 *(.rel.text)
 *(.rel.text.*)
 *(.rel.gnu.linkonce.t*)

.rela.text
 *(.rela.text)
 *(.rela.text.*)
 *(.rela.gnu.linkonce.t*)

.rel.fini
 *(.rel.fini)

.rela.fini
 *(.rela.fini)

.rel.rodata
 *(.rel.rodata)
 *(.rel.rodata.*)
 *(.rel.gnu.linkonce.r*)

.rela.rodata
 *(.rela.rodata)
 *(.rela.rodata.*)
 *(.rela.gnu.linkonce.r*)

.rel.data
 *(.rel.data)
 *(.rel.data.*)
 *(.rel.gnu.linkonce.d*)

.rela.data
 *(.rela.data)
 *(.rela.data.*)
 *(.rela.gnu.linkonce.d*)

.rel.ctors
 *(.rel.ctors)

.rela.ctors
 *(.rela.ctors)

.rel.dtors
 *(.rel.dtors)

.rela.dtors
 *(.rela.dtors)

.rel.got
 *(.rel.got)

.rela.got
 *(.rela.got)

.rel.bss
 *(.rel.bss)

.rela.bss
 *(.rela.bss)

.rel.plt
 *(.rel.plt)

.rela.plt
 *(.rela.plt)

.text           0x00000000      0x326
 *(.vectors)
 .vectors       0x00000000       0x54 D:/Textra/bin/../lib/gcc/avr/3.4.5/../../../../avr/lib/avr5/crtm16.o
                0x00000000                __vectors
                0x00000000                __vector_default
                0x00000054                __ctors_start = .
 *(.ctors)
                0x00000054                __ctors_end = .
                0x00000054                __dtors_start = .
 *(.dtors)
                0x00000054                __dtors_end = .
 *(.progmem.gcc*)
 *(.progmem*)
                0x00000054                . = ALIGN (0x2)
 *(.init0)
 *(.init1)
 *(.init2)
 .init2         0x00000054        0xc D:/Textra/bin/../lib/gcc/avr/3.4.5/../../../../avr/lib/avr5/crtm16.o
 *(.init3)
 *(.init4)
 .init4         0x00000060       0x16 D:/Textra/lib/gcc/avr/3.4.5/avr5\libgcc.a(_copy_data.o)
                0x00000060                __do_copy_data
 .init4         0x00000076       0x10 D:/Textra/lib/gcc/avr/3.4.5/avr5\libgcc.a(_clear_bss.o)
                0x00000076                __do_clear_bss
 *(.init5)
 *(.init6)
 *(.init7)
 *(.init8)
 *(.init9)
 .init9         0x00000086        0x4 D:/Textra/bin/../lib/gcc/avr/3.4.5/../../../../avr/lib/avr5/crtm16.o
 *(.text)
 .text          0x0000008a        0x4 D:/Textra/bin/../lib/gcc/avr/3.4.5/../../../../avr/lib/avr5/crtm16.o
                0x0000008a                __vector_1
                0x0000008a                __vector_12
                0x0000008a                __bad_interrupt
                0x0000008a                __vector_6
                0x0000008a                __vector_3
                0x0000008a                __vector_11
                0x0000008a                __vector_13
                0x0000008a                __vector_17
                0x0000008a                __vector_19
                0x0000008a                __vector_7
                0x0000008a                __vector_5
                0x0000008a                __vector_4
                0x0000008a                __vector_9
                0x0000008a                __vector_2
                0x0000008a                __vector_15
                0x0000008a                __vector_8
                0x0000008a                __vector_14
                0x0000008a                __vector_10
                0x0000008a                __vector_16
                0x0000008a                __vector_18
                0x0000008a                __vector_20
 .text          0x0000008e      0x20e Bidirectional-Counter.o
                0x0000010e                lcd_prints
                0x000001d2                read_adc
                0x0000008e                write_command
                0x00000180                lcd_goto
                0x000001b2                lcd_clrscr
                0x000000e4                write_data
                0x000001c8                init_adc
                0x00000198                lcd_printc
                0x000000b8                lcd_init
                0x000001ee                main
                0x00000132                lcd_printi
 .text          0x0000029c       0x42 D:/Textra/bin/../lib/gcc/avr/3.4.5/../../../../avr/lib/avr5\libc.a(itoa.o)
                0x0000029c                itoa
 .text          0x000002de       0x20 D:/Textra/bin/../lib/gcc/avr/3.4.5/../../../../avr/lib/avr5\libc.a(strrev.o)
                0x000002de                strrev
                0x000002fe                . = ALIGN (0x2)
 *(.text.*)
 .text.libgcc   0x000002fe       0x28 D:/Textra/lib/gcc/avr/3.4.5/avr5\libgcc.a(_udivmodhi4.o)
                0x000002fe                __udivmodhi4
                0x00000326                . = ALIGN (0x2)
 *(.fini9)
 *(.fini8)
 *(.fini7)
 *(.fini6)
 *(.fini5)
 *(.fini4)
 *(.fini3)
 *(.fini2)
 *(.fini1)
 *(.fini0)
                0x00000326                _etext = .

.data           0x00800060        0x6 load address 0x00000326
                0x00800060                PROVIDE (__data_start, .)
 *(.data)
 .data          0x00800060        0x5 Bidirectional-Counter.o
 *(.gnu.linkonce.d*)
                0x00800066                . = ALIGN (0x2)
 *fill*         0x00800065        0x1 00
                0x00800066                _edata = .
                0x00800066                PROVIDE (__data_end, .)

.bss            0x00800066        0x2
                0x00800066                PROVIDE (__bss_start, .)
 *(.bss)
 .bss           0x00800066        0x2 Bidirectional-Counter.o
                0x00800066                count
 *(COMMON)
                0x00800068                PROVIDE (__bss_end, .)
                0x00000326                __data_load_start = LOADADDR (.data)
                0x0000032c                __data_load_end = (__data_load_start + SIZEOF (.data))

.noinit         0x00800068        0x0
                0x00800068                PROVIDE (__noinit_start, .)
 *(.noinit*)
                0x00800068                PROVIDE (__noinit_end, .)
                0x00800068                _end = .
                0x00800068                PROVIDE (__heap_start, .)

.eeprom         0x00810000        0x0
 *(.eeprom*)
                0x00810000                __eeprom_end = .

.stab           0x00000000      0x36c
 *(.stab)
 .stab          0x00000000      0x36c D:/Textra/bin/../lib/gcc/avr/3.4.5/../../../../avr/lib/avr5/crtm16.o

.stabstr        0x00000000       0x84
 *(.stabstr)
 .stabstr       0x00000000       0x84 D:/Textra/bin/../lib/gcc/avr/3.4.5/../../../../avr/lib/avr5/crtm16.o

.stab.excl
 *(.stab.excl)

.stab.exclstr
 *(.stab.exclstr)

.stab.index
 *(.stab.index)

.stab.indexstr
 *(.stab.indexstr)

.comment
 *(.comment)

.debug
 *(.debug)

.line
 *(.line)

.debug_srcinfo
 *(.debug_srcinfo)

.debug_sfnames
 *(.debug_sfnames)

.debug_aranges  0x00000000       0x14
 *(.debug_aranges)
 .debug_aranges
                0x00000000       0x14 Bidirectional-Counter.o

.debug_pubnames
                0x00000000       0xb6
 *(.debug_pubnames)
 .debug_pubnames
                0x00000000       0xb6 Bidirectional-Counter.o

.debug_info     0x00000000      0x3c1
 *(.debug_info)
 .debug_info    0x00000000      0x3c1 Bidirectional-Counter.o
 *(.gnu.linkonce.wi.*)

.debug_abbrev   0x00000000      0x151
 *(.debug_abbrev)
 .debug_abbrev  0x00000000      0x151 Bidirectional-Counter.o

.debug_line     0x00000000      0x2ef
 *(.debug_line)
 .debug_line    0x00000000      0x2ef Bidirectional-Counter.o

.debug_frame
 *(.debug_frame)

.debug_str      0x00000000      0x16e
 *(.debug_str)
 .debug_str     0x00000000      0x16e Bidirectional-Counter.o
                                0x1b2 (size before relaxing)

.debug_loc
 *(.debug_loc)

.debug_macinfo
 *(.debug_macinfo)
OUTPUT(Bidirectional-Counter.elf elf32-avr)
